21:00:46 **** Build of configuration Debug for project tag_recognition ****
make -j8 all 
arm-none-eabi-gcc "../HuskyLens/Src/HuskyLens_HAL.c" -mcpu=cortex-m3 -std=gnu11 -g3 -DDEBUG -DUSE_HAL_DRIVER -DSTM32F103xB -c -I../Core/Inc -I"D:/Project/SmartPole/Patient-Recognition/tag_recognition/tag_recognition/HuskyLens/Inc" -I../Drivers/STM32F1xx_HAL_Driver/Inc -I../Drivers/STM32F1xx_HAL_Driver/Inc/Legacy -I../Drivers/CMSIS/Device/ST/STM32F1xx/Include -I../Drivers/CMSIS/Include -O0 -ffunction-sections -fdata-sections -Wall -fstack-usage -fcyclomatic-complexity -MMD -MP -MF"HuskyLens/Src/HuskyLens_HAL.d" -MT"HuskyLens/Src/HuskyLens_HAL.o" --specs=nano.specs -mfloat-abi=soft -mthumb -o "HuskyLens/Src/HuskyLens_HAL.o"
arm-none-eabi-gcc "../Drivers/STM32F1xx_HAL_Driver/Src/stm32f1xx_hal.c" -mcpu=cortex-m3 -std=gnu11 -g3 -DDEBUG -DUSE_HAL_DRIVER -DSTM32F103xB -c -I../Core/Inc -I"D:/Project/SmartPole/Patient-Recognition/tag_recognition/tag_recognition/HuskyLens/Inc" -I../Drivers/STM32F1xx_HAL_Driver/Inc -I../Drivers/STM32F1xx_HAL_Driver/Inc/Legacy -I../Drivers/CMSIS/Device/ST/STM32F1xx/Include -I../Drivers/CMSIS/Include -O0 -ffunction-sections -fdata-sections -Wall -fstack-usage -fcyclomatic-complexity -MMD -MP -MF"Drivers/STM32F1xx_HAL_Driver/Src/stm32f1xx_hal.d" -MT"Drivers/STM32F1xx_HAL_Driver/Src/stm32f1xx_hal.o" --specs=nano.specs -mfloat-abi=soft -mthumb -o "Drivers/STM32F1xx_HAL_Driver/Src/stm32f1xx_hal.o"
arm-none-eabi-gcc "../Drivers/STM32F1xx_HAL_Driver/Src/stm32f1xx_hal_cortex.c" -mcpu=cortex-m3 -std=gnu11 -g3 -DDEBUG -DUSE_HAL_DRIVER -DSTM32F103xB -c -I../Core/Inc -I"D:/Project/SmartPole/Patient-Recognition/tag_recognition/tag_recognition/HuskyLens/Inc" -I../Drivers/STM32F1xx_HAL_Driver/Inc -I../Drivers/STM32F1xx_HAL_Driver/Inc/Legacy -I../Drivers/CMSIS/Device/ST/STM32F1xx/Include -I../Drivers/CMSIS/Include -O0 -ffunction-sections -fdata-sections -Wall -fstack-usage -fcyclomatic-complexity -MMD -MP -MF"Drivers/STM32F1xx_HAL_Driver/Src/stm32f1xx_hal_cortex.d" -MT"Drivers/STM32F1xx_HAL_Driver/Src/stm32f1xx_hal_cortex.o" --specs=nano.specs -mfloat-abi=soft -mthumb -o "Drivers/STM32F1xx_HAL_Driver/Src/stm32f1xx_hal_cortex.o"
arm-none-eabi-gcc "../Drivers/STM32F1xx_HAL_Driver/Src/stm32f1xx_hal_dma.c" -mcpu=cortex-m3 -std=gnu11 -g3 -DDEBUG -DUSE_HAL_DRIVER -DSTM32F103xB -c -I../Core/Inc -I"D:/Project/SmartPole/Patient-Recognition/tag_recognition/tag_recognition/HuskyLens/Inc" -I../Drivers/STM32F1xx_HAL_Driver/Inc -I../Drivers/STM32F1xx_HAL_Driver/Inc/Legacy -I../Drivers/CMSIS/Device/ST/STM32F1xx/Include -I../Drivers/CMSIS/Include -O0 -ffunction-sections -fdata-sections -Wall -fstack-usage -fcyclomatic-complexity -MMD -MP -MF"Drivers/STM32F1xx_HAL_Driver/Src/stm32f1xx_hal_dma.d" -MT"Drivers/STM32F1xx_HAL_Driver/Src/stm32f1xx_hal_dma.o" --specs=nano.specs -mfloat-abi=soft -mthumb -o "Drivers/STM32F1xx_HAL_Driver/Src/stm32f1xx_hal_dma.o"
arm-none-eabi-gcc "../Drivers/STM32F1xx_HAL_Driver/Src/stm32f1xx_hal_exti.c" -mcpu=cortex-m3 -std=gnu11 -g3 -DDEBUG -DUSE_HAL_DRIVER -DSTM32F103xB -c -I../Core/Inc -I"D:/Project/SmartPole/Patient-Recognition/tag_recognition/tag_recognition/HuskyLens/Inc" -I../Drivers/STM32F1xx_HAL_Driver/Inc -I../Drivers/STM32F1xx_HAL_Driver/Inc/Legacy -I../Drivers/CMSIS/Device/ST/STM32F1xx/Include -I../Drivers/CMSIS/Include -O0 -ffunction-sections -fdata-sections -Wall -fstack-usage -fcyclomatic-complexity -MMD -MP -MF"Drivers/STM32F1xx_HAL_Driver/Src/stm32f1xx_hal_exti.d" -MT"Drivers/STM32F1xx_HAL_Driver/Src/stm32f1xx_hal_exti.o" --specs=nano.specs -mfloat-abi=soft -mthumb -o "Drivers/STM32F1xx_HAL_Driver/Src/stm32f1xx_hal_exti.o"
arm-none-eabi-gcc "../Drivers/STM32F1xx_HAL_Driver/Src/stm32f1xx_hal_flash.c" -mcpu=cortex-m3 -std=gnu11 -g3 -DDEBUG -DUSE_HAL_DRIVER -DSTM32F103xB -c -I../Core/Inc -I"D:/Project/SmartPole/Patient-Recognition/tag_recognition/tag_recognition/HuskyLens/Inc" -I../Drivers/STM32F1xx_HAL_Driver/Inc -I../Drivers/STM32F1xx_HAL_Driver/Inc/Legacy -I../Drivers/CMSIS/Device/ST/STM32F1xx/Include -I../Drivers/CMSIS/Include -O0 -ffunction-sections -fdata-sections -Wall -fstack-usage -fcyclomatic-complexity -MMD -MP -MF"Drivers/STM32F1xx_HAL_Driver/Src/stm32f1xx_hal_flash.d" -MT"Drivers/STM32F1xx_HAL_Driver/Src/stm32f1xx_hal_flash.o" --specs=nano.specs -mfloat-abi=soft -mthumb -o "Drivers/STM32F1xx_HAL_Driver/Src/stm32f1xx_hal_flash.o"
arm-none-eabi-gcc "../Drivers/STM32F1xx_HAL_Driver/Src/stm32f1xx_hal_flash_ex.c" -mcpu=cortex-m3 -std=gnu11 -g3 -DDEBUG -DUSE_HAL_DRIVER -DSTM32F103xB -c -I../Core/Inc -I"D:/Project/SmartPole/Patient-Recognition/tag_recognition/tag_recognition/HuskyLens/Inc" -I../Drivers/STM32F1xx_HAL_Driver/Inc -I../Drivers/STM32F1xx_HAL_Driver/Inc/Legacy -I../Drivers/CMSIS/Device/ST/STM32F1xx/Include -I../Drivers/CMSIS/Include -O0 -ffunction-sections -fdata-sections -Wall -fstack-usage -fcyclomatic-complexity -MMD -MP -MF"Drivers/STM32F1xx_HAL_Driver/Src/stm32f1xx_hal_flash_ex.d" -MT"Drivers/STM32F1xx_HAL_Driver/Src/stm32f1xx_hal_flash_ex.o" --specs=nano.specs -mfloat-abi=soft -mthumb -o "Drivers/STM32F1xx_HAL_Driver/Src/stm32f1xx_hal_flash_ex.o"
arm-none-eabi-gcc "../Drivers/STM32F1xx_HAL_Driver/Src/stm32f1xx_hal_gpio.c" -mcpu=cortex-m3 -std=gnu11 -g3 -DDEBUG -DUSE_HAL_DRIVER -DSTM32F103xB -c -I../Core/Inc -I"D:/Project/SmartPole/Patient-Recognition/tag_recognition/tag_recognition/HuskyLens/Inc" -I../Drivers/STM32F1xx_HAL_Driver/Inc -I../Drivers/STM32F1xx_HAL_Driver/Inc/Legacy -I../Drivers/CMSIS/Device/ST/STM32F1xx/Include -I../Drivers/CMSIS/Include -O0 -ffunction-sections -fdata-sections -Wall -fstack-usage -fcyclomatic-complexity -MMD -MP -MF"Drivers/STM32F1xx_HAL_Driver/Src/stm32f1xx_hal_gpio.d" -MT"Drivers/STM32F1xx_HAL_Driver/Src/stm32f1xx_hal_gpio.o" --specs=nano.specs -mfloat-abi=soft -mthumb -o "Drivers/STM32F1xx_HAL_Driver/Src/stm32f1xx_hal_gpio.o"
In file included from ../HuskyLens/Src/HuskyLens_HAL.c:8:
D:/Project/SmartPole/Patient-Recognition/tag_recognition/tag_recognition/HuskyLens/Inc/HuskyLens_HAL.h:4:10: fatal error: i2c.h: No such file or directory
    4 | #include "i2c.h"
      |          ^~~~~~~
compilation terminated.
make: *** [HuskyLens/Src/subdir.mk:19: HuskyLens/Src/HuskyLens_HAL.o] Error 1
make: *** Waiting for unfinished jobs....
"make -j8 all" terminated with exit code 2. Build might be incomplete.
21:04:19 **** Incremental Build of configuration Debug for project tag_recognition ****
make -j8 all 
arm-none-eabi-gcc "../HuskyLens/Src/HuskyLens_HAL.c" -mcpu=cortex-m3 -std=gnu11 -g3 -DDEBUG -DUSE_HAL_DRIVER -DSTM32F103xB -c -I../Core/Inc -I"D:/Project/SmartPole/Patient-Recognition/tag_recognition/tag_recognition/HuskyLens/Inc" -I../Drivers/STM32F1xx_HAL_Driver/Inc -I../Drivers/STM32F1xx_HAL_Driver/Inc/Legacy -I../Drivers/CMSIS/Device/ST/STM32F1xx/Include -I../Drivers/CMSIS/Include -O0 -ffunction-sections -fdata-sections -Wall -fstack-usage -fcyclomatic-complexity -MMD -MP -MF"HuskyLens/Src/HuskyLens_HAL.d" -MT"HuskyLens/Src/HuskyLens_HAL.o" --specs=nano.specs -mfloat-abi=soft -mthumb -o "HuskyLens/Src/HuskyLens_HAL.o"
arm-none-eabi-gcc "../Drivers/STM32F1xx_HAL_Driver/Src/stm32f1xx_hal_gpio_ex.c" -mcpu=cortex-m3 -std=gnu11 -g3 -DDEBUG -DUSE_HAL_DRIVER -DSTM32F103xB -c -I../Core/Inc -I"D:/Project/SmartPole/Patient-Recognition/tag_recognition/tag_recognition/HuskyLens/Inc" -I../Drivers/STM32F1xx_HAL_Driver/Inc -I../Drivers/STM32F1xx_HAL_Driver/Inc/Legacy -I../Drivers/CMSIS/Device/ST/STM32F1xx/Include -I../Drivers/CMSIS/Include -O0 -ffunction-sections -fdata-sections -Wall -fstack-usage -fcyclomatic-complexity -MMD -MP -MF"Drivers/STM32F1xx_HAL_Driver/Src/stm32f1xx_hal_gpio_ex.d" -MT"Drivers/STM32F1xx_HAL_Driver/Src/stm32f1xx_hal_gpio_ex.o" --specs=nano.specs -mfloat-abi=soft -mthumb -o "Drivers/STM32F1xx_HAL_Driver/Src/stm32f1xx_hal_gpio_ex.o"
arm-none-eabi-gcc "../Drivers/STM32F1xx_HAL_Driver/Src/stm32f1xx_hal_i2c.c" -mcpu=cortex-m3 -std=gnu11 -g3 -DDEBUG -DUSE_HAL_DRIVER -DSTM32F103xB -c -I../Core/Inc -I"D:/Project/SmartPole/Patient-Recognition/tag_recognition/tag_recognition/HuskyLens/Inc" -I../Drivers/STM32F1xx_HAL_Driver/Inc -I../Drivers/STM32F1xx_HAL_Driver/Inc/Legacy -I../Drivers/CMSIS/Device/ST/STM32F1xx/Include -I../Drivers/CMSIS/Include -O0 -ffunction-sections -fdata-sections -Wall -fstack-usage -fcyclomatic-complexity -MMD -MP -MF"Drivers/STM32F1xx_HAL_Driver/Src/stm32f1xx_hal_i2c.d" -MT"Drivers/STM32F1xx_HAL_Driver/Src/stm32f1xx_hal_i2c.o" --specs=nano.specs -mfloat-abi=soft -mthumb -o "Drivers/STM32F1xx_HAL_Driver/Src/stm32f1xx_hal_i2c.o"
arm-none-eabi-gcc "../Drivers/STM32F1xx_HAL_Driver/Src/stm32f1xx_hal_pwr.c" -mcpu=cortex-m3 -std=gnu11 -g3 -DDEBUG -DUSE_HAL_DRIVER -DSTM32F103xB -c -I../Core/Inc -I"D:/Project/SmartPole/Patient-Recognition/tag_recognition/tag_recognition/HuskyLens/Inc" -I../Drivers/STM32F1xx_HAL_Driver/Inc -I../Drivers/STM32F1xx_HAL_Driver/Inc/Legacy -I../Drivers/CMSIS/Device/ST/STM32F1xx/Include -I../Drivers/CMSIS/Include -O0 -ffunction-sections -fdata-sections -Wall -fstack-usage -fcyclomatic-complexity -MMD -MP -MF"Drivers/STM32F1xx_HAL_Driver/Src/stm32f1xx_hal_pwr.d" -MT"Drivers/STM32F1xx_HAL_Driver/Src/stm32f1xx_hal_pwr.o" --specs=nano.specs -mfloat-abi=soft -mthumb -o "Drivers/STM32F1xx_HAL_Driver/Src/stm32f1xx_hal_pwr.o"
arm-none-eabi-gcc "../Drivers/STM32F1xx_HAL_Driver/Src/stm32f1xx_hal_rcc.c" -mcpu=cortex-m3 -std=gnu11 -g3 -DDEBUG -DUSE_HAL_DRIVER -DSTM32F103xB -c -I../Core/Inc -I"D:/Project/SmartPole/Patient-Recognition/tag_recognition/tag_recognition/HuskyLens/Inc" -I../Drivers/STM32F1xx_HAL_Driver/Inc -I../Drivers/STM32F1xx_HAL_Driver/Inc/Legacy -I../Drivers/CMSIS/Device/ST/STM32F1xx/Include -I../Drivers/CMSIS/Include -O0 -ffunction-sections -fdata-sections -Wall -fstack-usage -fcyclomatic-complexity -MMD -MP -MF"Drivers/STM32F1xx_HAL_Driver/Src/stm32f1xx_hal_rcc.d" -MT"Drivers/STM32F1xx_HAL_Driver/Src/stm32f1xx_hal_rcc.o" --specs=nano.specs -mfloat-abi=soft -mthumb -o "Drivers/STM32F1xx_HAL_Driver/Src/stm32f1xx_hal_rcc.o"
arm-none-eabi-gcc "../Drivers/STM32F1xx_HAL_Driver/Src/stm32f1xx_hal_rcc_ex.c" -mcpu=cortex-m3 -std=gnu11 -g3 -DDEBUG -DUSE_HAL_DRIVER -DSTM32F103xB -c -I../Core/Inc -I"D:/Project/SmartPole/Patient-Recognition/tag_recognition/tag_recognition/HuskyLens/Inc" -I../Drivers/STM32F1xx_HAL_Driver/Inc -I../Drivers/STM32F1xx_HAL_Driver/Inc/Legacy -I../Drivers/CMSIS/Device/ST/STM32F1xx/Include -I../Drivers/CMSIS/Include -O0 -ffunction-sections -fdata-sections -Wall -fstack-usage -fcyclomatic-complexity -MMD -MP -MF"Drivers/STM32F1xx_HAL_Driver/Src/stm32f1xx_hal_rcc_ex.d" -MT"Drivers/STM32F1xx_HAL_Driver/Src/stm32f1xx_hal_rcc_ex.o" --specs=nano.specs -mfloat-abi=soft -mthumb -o "Drivers/STM32F1xx_HAL_Driver/Src/stm32f1xx_hal_rcc_ex.o"
In file included from ../HuskyLens/Src/HuskyLens_HAL.c:8:
D:/Project/SmartPole/Patient-Recognition/tag_recognition/tag_recognition/HuskyLens/Inc/HuskyLens_HAL.h:15:23: error: unknown type name 'I2C_HandleTypeDef'
   15 | bool HuskyLens_ReadXY(I2C_HandleTypeDef *hi2c, HuskyLensPosition *pos);
      |                       ^~~~~~~~~~~~~~~~~
../HuskyLens/Src/HuskyLens_HAL.c:14:23: error: unknown type name 'I2C_HandleTypeDef'
   14 | bool HuskyLens_ReadXY(I2C_HandleTypeDef *hi2c, HuskyLensPosition *pos) {
      |                       ^~~~~~~~~~~~~~~~~
../HuskyLens/Src/HuskyLens_HAL.c:12:16: warning: 'tx_buf' defined but not used [-Wunused-variable]
   12 | static uint8_t tx_buf[] = {0x55, 0xAA, 0x11, 0x00, CMD_REQUEST_BLOCKS};
      |                ^~~~~~
arm-none-eabi-gcc "../Drivers/STM32F1xx_HAL_Driver/Src/stm32f1xx_hal_tim.c" -mcpu=cortex-m3 -std=gnu11 -g3 -DDEBUG -DUSE_HAL_DRIVER -DSTM32F103xB -c -I../Core/Inc -I"D:/Project/SmartPole/Patient-Recognition/tag_recognition/tag_recognition/HuskyLens/Inc" -I../Drivers/STM32F1xx_HAL_Driver/Inc -I../Drivers/STM32F1xx_HAL_Driver/Inc/Legacy -I../Drivers/CMSIS/Device/ST/STM32F1xx/Include -I../Drivers/CMSIS/Include -O0 -ffunction-sections -fdata-sections -Wall -fstack-usage -fcyclomatic-complexity -MMD -MP -MF"Drivers/STM32F1xx_HAL_Driver/Src/stm32f1xx_hal_tim.d" -MT"Drivers/STM32F1xx_HAL_Driver/Src/stm32f1xx_hal_tim.o" --specs=nano.specs -mfloat-abi=soft -mthumb -o "Drivers/STM32F1xx_HAL_Driver/Src/stm32f1xx_hal_tim.o"
make: *** [HuskyLens/Src/subdir.mk:19: HuskyLens/Src/HuskyLens_HAL.o] Error 1
make: *** Waiting for unfinished jobs....
"make -j8 all" terminated with exit code 2. Build might be incomplete.
21:04:34 **** Incremental Build of configuration Debug for project tag_recognition ****
make -j8 all 
arm-none-eabi-gcc "../HuskyLens/Src/HuskyLens_HAL.c" -mcpu=cortex-m3 -std=gnu11 -g3 -DDEBUG -DUSE_HAL_DRIVER -DSTM32F103xB -c -I../Core/Inc -I"D:/Project/SmartPole/Patient-Recognition/tag_recognition/tag_recognition/HuskyLens/Inc" -I../Drivers/STM32F1xx_HAL_Driver/Inc -I../Drivers/STM32F1xx_HAL_Driver/Inc/Legacy -I../Drivers/CMSIS/Device/ST/STM32F1xx/Include -I../Drivers/CMSIS/Include -O0 -ffunction-sections -fdata-sections -Wall -fstack-usage -fcyclomatic-complexity -MMD -MP -MF"HuskyLens/Src/HuskyLens_HAL.d" -MT"HuskyLens/Src/HuskyLens_HAL.o" --specs=nano.specs -mfloat-abi=soft -mthumb -o "HuskyLens/Src/HuskyLens_HAL.o"
arm-none-eabi-gcc "../Drivers/STM32F1xx_HAL_Driver/Src/stm32f1xx_hal_tim_ex.c" -mcpu=cortex-m3 -std=gnu11 -g3 -DDEBUG -DUSE_HAL_DRIVER -DSTM32F103xB -c -I../Core/Inc -I"D:/Project/SmartPole/Patient-Recognition/tag_recognition/tag_recognition/HuskyLens/Inc" -I../Drivers/STM32F1xx_HAL_Driver/Inc -I../Drivers/STM32F1xx_HAL_Driver/Inc/Legacy -I../Drivers/CMSIS/Device/ST/STM32F1xx/Include -I../Drivers/CMSIS/Include -O0 -ffunction-sections -fdata-sections -Wall -fstack-usage -fcyclomatic-complexity -MMD -MP -MF"Drivers/STM32F1xx_HAL_Driver/Src/stm32f1xx_hal_tim_ex.d" -MT"Drivers/STM32F1xx_HAL_Driver/Src/stm32f1xx_hal_tim_ex.o" --specs=nano.specs -mfloat-abi=soft -mthumb -o "Drivers/STM32F1xx_HAL_Driver/Src/stm32f1xx_hal_tim_ex.o"
arm-none-eabi-gcc "../Drivers/STM32F1xx_HAL_Driver/Src/stm32f1xx_hal_uart.c" -mcpu=cortex-m3 -std=gnu11 -g3 -DDEBUG -DUSE_HAL_DRIVER -DSTM32F103xB -c -I../Core/Inc -I"D:/Project/SmartPole/Patient-Recognition/tag_recognition/tag_recognition/HuskyLens/Inc" -I../Drivers/STM32F1xx_HAL_Driver/Inc -I../Drivers/STM32F1xx_HAL_Driver/Inc/Legacy -I../Drivers/CMSIS/Device/ST/STM32F1xx/Include -I../Drivers/CMSIS/Include -O0 -ffunction-sections -fdata-sections -Wall -fstack-usage -fcyclomatic-complexity -MMD -MP -MF"Drivers/STM32F1xx_HAL_Driver/Src/stm32f1xx_hal_uart.d" -MT"Drivers/STM32F1xx_HAL_Driver/Src/stm32f1xx_hal_uart.o" --specs=nano.specs -mfloat-abi=soft -mthumb -o "Drivers/STM32F1xx_HAL_Driver/Src/stm32f1xx_hal_uart.o"
arm-none-eabi-gcc -mcpu=cortex-m3 -g3 -DDEBUG -c -x assembler-with-cpp -MMD -MP -MF"Core/Startup/startup_stm32f103rbtx.d" -MT"Core/Startup/startup_stm32f103rbtx.o" --specs=nano.specs -mfloat-abi=soft -mthumb -o "Core/Startup/startup_stm32f103rbtx.o" "../Core/Startup/startup_stm32f103rbtx.s"
arm-none-eabi-gcc "../Core/Src/main.c" -mcpu=cortex-m3 -std=gnu11 -g3 -DDEBUG -DUSE_HAL_DRIVER -DSTM32F103xB -c -I../Core/Inc -I"D:/Project/SmartPole/Patient-Recognition/tag_recognition/tag_recognition/HuskyLens/Inc" -I../Drivers/STM32F1xx_HAL_Driver/Inc -I../Drivers/STM32F1xx_HAL_Driver/Inc/Legacy -I../Drivers/CMSIS/Device/ST/STM32F1xx/Include -I../Drivers/CMSIS/Include -O0 -ffunction-sections -fdata-sections -Wall -fstack-usage -fcyclomatic-complexity -MMD -MP -MF"Core/Src/main.d" -MT"Core/Src/main.o" --specs=nano.specs -mfloat-abi=soft -mthumb -o "Core/Src/main.o"
arm-none-eabi-gcc "../Core/Src/stm32f1xx_hal_msp.c" -mcpu=cortex-m3 -std=gnu11 -g3 -DDEBUG -DUSE_HAL_DRIVER -DSTM32F103xB -c -I../Core/Inc -I"D:/Project/SmartPole/Patient-Recognition/tag_recognition/tag_recognition/HuskyLens/Inc" -I../Drivers/STM32F1xx_HAL_Driver/Inc -I../Drivers/STM32F1xx_HAL_Driver/Inc/Legacy -I../Drivers/CMSIS/Device/ST/STM32F1xx/Include -I../Drivers/CMSIS/Include -O0 -ffunction-sections -fdata-sections -Wall -fstack-usage -fcyclomatic-complexity -MMD -MP -MF"Core/Src/stm32f1xx_hal_msp.d" -MT"Core/Src/stm32f1xx_hal_msp.o" --specs=nano.specs -mfloat-abi=soft -mthumb -o "Core/Src/stm32f1xx_hal_msp.o"
In file included from ../HuskyLens/Src/HuskyLens_HAL.c:8:
D:/Project/SmartPole/Patient-Recognition/tag_recognition/tag_recognition/HuskyLens/Inc/HuskyLens_HAL.h:15:23: error: unknown type name 'I2C_HandleTypeDef'
   15 | bool HuskyLens_ReadXY(I2C_HandleTypeDef *hi2c, HuskyLensPosition *pos);
      |                       ^~~~~~~~~~~~~~~~~
../HuskyLens/Src/HuskyLens_HAL.c:14:23: error: unknown type name 'I2C_HandleTypeDef'
   14 | bool HuskyLens_ReadXY(I2C_HandleTypeDef *hi2c, HuskyLensPosition *pos) {
      |                       ^~~~~~~~~~~~~~~~~
../HuskyLens/Src/HuskyLens_HAL.c:12:16: warning: 'tx_buf' defined but not used [-Wunused-variable]
   12 | static uint8_t tx_buf[] = {0x55, 0xAA, 0x11, 0x00, CMD_REQUEST_BLOCKS};
      |                ^~~~~~
make: *** [HuskyLens/Src/subdir.mk:19: HuskyLens/Src/HuskyLens_HAL.o] Error 1
make: *** Waiting for unfinished jobs....
"make -j8 all" terminated with exit code 2. Build might be incomplete.
21:05:11 **** Incremental Build of configuration Debug for project tag_recognition ****
make -j8 all 
arm-none-eabi-gcc "../HuskyLens/Src/HuskyLens_HAL.c" -mcpu=cortex-m3 -std=gnu11 -g3 -DDEBUG -DUSE_HAL_DRIVER -DSTM32F103xB -c -I../Core/Inc -I"D:/Project/SmartPole/Patient-Recognition/tag_recognition/tag_recognition/HuskyLens/Inc" -I../Drivers/STM32F1xx_HAL_Driver/Inc -I../Drivers/STM32F1xx_HAL_Driver/Inc/Legacy -I../Drivers/CMSIS/Device/ST/STM32F1xx/Include -I../Drivers/CMSIS/Include -O0 -ffunction-sections -fdata-sections -Wall -fstack-usage -fcyclomatic-complexity -MMD -MP -MF"HuskyLens/Src/HuskyLens_HAL.d" -MT"HuskyLens/Src/HuskyLens_HAL.o" --specs=nano.specs -mfloat-abi=soft -mthumb -o "HuskyLens/Src/HuskyLens_HAL.o"
arm-none-eabi-gcc "../Core/Src/main.c" -mcpu=cortex-m3 -std=gnu11 -g3 -DDEBUG -DUSE_HAL_DRIVER -DSTM32F103xB -c -I../Core/Inc -I"D:/Project/SmartPole/Patient-Recognition/tag_recognition/tag_recognition/HuskyLens/Inc" -I../Drivers/STM32F1xx_HAL_Driver/Inc -I../Drivers/STM32F1xx_HAL_Driver/Inc/Legacy -I../Drivers/CMSIS/Device/ST/STM32F1xx/Include -I../Drivers/CMSIS/Include -O0 -ffunction-sections -fdata-sections -Wall -fstack-usage -fcyclomatic-complexity -MMD -MP -MF"Core/Src/main.d" -MT"Core/Src/main.o" --specs=nano.specs -mfloat-abi=soft -mthumb -o "Core/Src/main.o"
arm-none-eabi-gcc "../Core/Src/stm32f1xx_it.c" -mcpu=cortex-m3 -std=gnu11 -g3 -DDEBUG -DUSE_HAL_DRIVER -DSTM32F103xB -c -I../Core/Inc -I"D:/Project/SmartPole/Patient-Recognition/tag_recognition/tag_recognition/HuskyLens/Inc" -I../Drivers/STM32F1xx_HAL_Driver/Inc -I../Drivers/STM32F1xx_HAL_Driver/Inc/Legacy -I../Drivers/CMSIS/Device/ST/STM32F1xx/Include -I../Drivers/CMSIS/Include -O0 -ffunction-sections -fdata-sections -Wall -fstack-usage -fcyclomatic-complexity -MMD -MP -MF"Core/Src/stm32f1xx_it.d" -MT"Core/Src/stm32f1xx_it.o" --specs=nano.specs -mfloat-abi=soft -mthumb -o "Core/Src/stm32f1xx_it.o"
arm-none-eabi-gcc "../Core/Src/syscalls.c" -mcpu=cortex-m3 -std=gnu11 -g3 -DDEBUG -DUSE_HAL_DRIVER -DSTM32F103xB -c -I../Core/Inc -I"D:/Project/SmartPole/Patient-Recognition/tag_recognition/tag_recognition/HuskyLens/Inc" -I../Drivers/STM32F1xx_HAL_Driver/Inc -I../Drivers/STM32F1xx_HAL_Driver/Inc/Legacy -I../Drivers/CMSIS/Device/ST/STM32F1xx/Include -I../Drivers/CMSIS/Include -O0 -ffunction-sections -fdata-sections -Wall -fstack-usage -fcyclomatic-complexity -MMD -MP -MF"Core/Src/syscalls.d" -MT"Core/Src/syscalls.o" --specs=nano.specs -mfloat-abi=soft -mthumb -o "Core/Src/syscalls.o"
arm-none-eabi-gcc "../Core/Src/sysmem.c" -mcpu=cortex-m3 -std=gnu11 -g3 -DDEBUG -DUSE_HAL_DRIVER -DSTM32F103xB -c -I../Core/Inc -I"D:/Project/SmartPole/Patient-Recognition/tag_recognition/tag_recognition/HuskyLens/Inc" -I../Drivers/STM32F1xx_HAL_Driver/Inc -I../Drivers/STM32F1xx_HAL_Driver/Inc/Legacy -I../Drivers/CMSIS/Device/ST/STM32F1xx/Include -I../Drivers/CMSIS/Include -O0 -ffunction-sections -fdata-sections -Wall -fstack-usage -fcyclomatic-complexity -MMD -MP -MF"Core/Src/sysmem.d" -MT"Core/Src/sysmem.o" --specs=nano.specs -mfloat-abi=soft -mthumb -o "Core/Src/sysmem.o"
arm-none-eabi-gcc "../Core/Src/system_stm32f1xx.c" -mcpu=cortex-m3 -std=gnu11 -g3 -DDEBUG -DUSE_HAL_DRIVER -DSTM32F103xB -c -I../Core/Inc -I"D:/Project/SmartPole/Patient-Recognition/tag_recognition/tag_recognition/HuskyLens/Inc" -I../Drivers/STM32F1xx_HAL_Driver/Inc -I../Drivers/STM32F1xx_HAL_Driver/Inc/Legacy -I../Drivers/CMSIS/Device/ST/STM32F1xx/Include -I../Drivers/CMSIS/Include -O0 -ffunction-sections -fdata-sections -Wall -fstack-usage -fcyclomatic-complexity -MMD -MP -MF"Core/Src/system_stm32f1xx.d" -MT"Core/Src/system_stm32f1xx.o" --specs=nano.specs -mfloat-abi=soft -mthumb -o "Core/Src/system_stm32f1xx.o"
arm-none-eabi-gcc -o "tag_recognition.elf" @"objects.list"   -mcpu=cortex-m3 -T"D:\Project\SmartPole\Patient-Recognition\tag_recognition\tag_recognition\STM32F103RBTX_FLASH.ld" --specs=nosys.specs -Wl,-Map="tag_recognition.map" -Wl,--gc-sections -static --specs=nano.specs -mfloat-abi=soft -mthumb -Wl,--start-group -lc -lm -Wl,--end-group
Finished building target: tag_recognition.elf
 
arm-none-eabi-size  tag_recognition.elf 
arm-none-eabi-objdump -h -S tag_recognition.elf  > "tag_recognition.list"
   text	   data	    bss	    dec	    hex	filename
  20660	    112	   2064	  22836	   5934	tag_recognition.elf
Finished building: default.size.stdout
 
Finished building: tag_recognition.list
 
21:05:29 **** Incremental Build of configuration Debug for project tag_recognition ****
make -j8 all 
arm-none-eabi-gcc "../Core/Src/main.c" -mcpu=cortex-m3 -std=gnu11 -g3 -DDEBUG -DUSE_HAL_DRIVER -DSTM32F103xB -c -I../Core/Inc -I"D:/Project/SmartPole/Patient-Recognition/tag_recognition/tag_recognition/HuskyLens/Inc" -I../Drivers/STM32F1xx_HAL_Driver/Inc -I../Drivers/STM32F1xx_HAL_Driver/Inc/Legacy -I../Drivers/CMSIS/Device/ST/STM32F1xx/Include -I../Drivers/CMSIS/Include -O0 -ffunction-sections -fdata-sections -Wall -fstack-usage -fcyclomatic-complexity -MMD -MP -MF"Core/Src/main.d" -MT"Core/Src/main.o" --specs=nano.specs -mfloat-abi=soft -mthumb -o "Core/Src/main.o"
arm-none-eabi-gcc -o "tag_recognition.elf" @"objects.list"   -mcpu=cortex-m3 -T"D:\Project\SmartPole\Patient-Recognition\tag_recognition\tag_recognition\STM32F103RBTX_FLASH.ld" --specs=nosys.specs -Wl,-Map="tag_recognition.map" -Wl,--gc-sections -static --specs=nano.specs -mfloat-abi=soft -mthumb -Wl,--start-group -lc -lm -Wl,--end-group
Finished building target: tag_recognition.elf
 
arm-none-eabi-size  tag_recognition.elf 
arm-none-eabi-objdump -h -S tag_recognition.elf  > "tag_recognition.list"
   text	   data	    bss	    dec	    hex	filename
  20692	    112	   2072	  22876	   595c	tag_recognition.elf
Finished building: default.size.stdout
 
Finished building: tag_recognition.list
 
21:25:16 **** Incremental Build of configuration Debug for project tag_recognition ****
make -j8 all 
arm-none-eabi-gcc "../Core/Src/main.c" -mcpu=cortex-m3 -std=gnu11 -g3 -DDEBUG -DUSE_HAL_DRIVER -DSTM32F103xB -c -I../Core/Inc -I"D:/Project/SmartPole/Patient-Recognition/tag_recognition/tag_recognition/HuskyLens/Inc" -I../Drivers/STM32F1xx_HAL_Driver/Inc -I../Drivers/STM32F1xx_HAL_Driver/Inc/Legacy -I../Drivers/CMSIS/Device/ST/STM32F1xx/Include -I../Drivers/CMSIS/Include -O0 -ffunction-sections -fdata-sections -Wall -fstack-usage -fcyclomatic-complexity -MMD -MP -MF"Core/Src/main.d" -MT"Core/Src/main.o" --specs=nano.specs -mfloat-abi=soft -mthumb -o "Core/Src/main.o"
arm-none-eabi-gcc -o "tag_recognition.elf" @"objects.list"   -mcpu=cortex-m3 -T"D:\Project\SmartPole\Patient-Recognition\tag_recognition\tag_recognition\STM32F103RBTX_FLASH.ld" --specs=nosys.specs -Wl,-Map="tag_recognition.map" -Wl,--gc-sections -static --specs=nano.specs -mfloat-abi=soft -mthumb -Wl,--start-group -lc -lm -Wl,--end-group
Finished building target: tag_recognition.elf
 
arm-none-eabi-size  tag_recognition.elf 
arm-none-eabi-objdump -h -S tag_recognition.elf  > "tag_recognition.list"
   text	   data	    bss	    dec	    hex	filename
  20772	    112	   2096	  22980	   59c4	tag_recognition.elf
Finished building: default.size.stdout
 
Finished building: tag_recognition.list
 
21:38:21 **** Incremental Build of configuration Debug for project tag_recognition ****
make -j8 all 
arm-none-eabi-gcc "../Core/Src/main.c" -mcpu=cortex-m3 -std=gnu11 -g3 -DDEBUG -DUSE_HAL_DRIVER -DSTM32F103xB -c -I../Core/Inc -I"D:/Project/SmartPole/Patient-Recognition/tag_recognition/tag_recognition/HuskyLens/Inc" -I../Drivers/STM32F1xx_HAL_Driver/Inc -I../Drivers/STM32F1xx_HAL_Driver/Inc/Legacy -I../Drivers/CMSIS/Device/ST/STM32F1xx/Include -I../Drivers/CMSIS/Include -O0 -ffunction-sections -fdata-sections -Wall -fstack-usage -fcyclomatic-complexity -MMD -MP -MF"Core/Src/main.d" -MT"Core/Src/main.o" --specs=nano.specs -mfloat-abi=soft -mthumb -o "Core/Src/main.o"
arm-none-eabi-gcc -o "tag_recognition.elf" @"objects.list"   -mcpu=cortex-m3 -T"D:\Project\SmartPole\Patient-Recognition\tag_recognition\tag_recognition\STM32F103RBTX_FLASH.ld" --specs=nosys.specs -Wl,-Map="tag_recognition.map" -Wl,--gc-sections -static --specs=nano.specs -mfloat-abi=soft -mthumb -Wl,--start-group -lc -lm -Wl,--end-group
Finished building target: tag_recognition.elf
 
arm-none-eabi-size  tag_recognition.elf 
arm-none-eabi-objdump -h -S tag_recognition.elf  > "tag_recognition.list"
   text	   data	    bss	    dec	    hex	filename
  21496	    112	   2096	  23704	   5c98	tag_recognition.elf
Finished building: default.size.stdout
 
Finished building: tag_recognition.list
 
21:51:16 **** Incremental Build of configuration Debug for project tag_recognition ****
make -j8 all 
arm-none-eabi-gcc "../Core/Src/main.c" -mcpu=cortex-m3 -std=gnu11 -g3 -DDEBUG -DUSE_HAL_DRIVER -DSTM32F103xB -c -I../Core/Inc -I"D:/Project/SmartPole/Patient-Recognition/tag_recognition/tag_recognition/HuskyLens/Inc" -I../Drivers/STM32F1xx_HAL_Driver/Inc -I../Drivers/STM32F1xx_HAL_Driver/Inc/Legacy -I../Drivers/CMSIS/Device/ST/STM32F1xx/Include -I../Drivers/CMSIS/Include -O0 -ffunction-sections -fdata-sections -Wall -fstack-usage -fcyclomatic-complexity -MMD -MP -MF"Core/Src/main.d" -MT"Core/Src/main.o" --specs=nano.specs -mfloat-abi=soft -mthumb -o "Core/Src/main.o"
arm-none-eabi-gcc -o "tag_recognition.elf" @"objects.list"   -mcpu=cortex-m3 -T"D:\Project\SmartPole\Patient-Recognition\tag_recognition\tag_recognition\STM32F103RBTX_FLASH.ld" --specs=nosys.specs -Wl,-Map="tag_recognition.map" -Wl,--gc-sections -static --specs=nano.specs -mfloat-abi=soft -mthumb -Wl,--start-group -lc -lm -Wl,--end-group
Finished building target: tag_recognition.elf
 
arm-none-eabi-size  tag_recognition.elf 
arm-none-eabi-objdump -h -S tag_recognition.elf  > "tag_recognition.list"
   text	   data	    bss	    dec	    hex	filename
  21680	    112	   2096	  23888	   5d50	tag_recognition.elf
Finished building: default.size.stdout
 
Finished building: tag_recognition.list
 
21:57:41 **** Incremental Build of configuration Debug for project tag_recognition ****
make -j8 all 
arm-none-eabi-gcc "../Core/Src/main.c" -mcpu=cortex-m3 -std=gnu11 -g3 -DDEBUG -DUSE_HAL_DRIVER -DSTM32F103xB -c -I../Core/Inc -I"D:/Project/SmartPole/Patient-Recognition/tag_recognition/tag_recognition/HuskyLens/Inc" -I../Drivers/STM32F1xx_HAL_Driver/Inc -I../Drivers/STM32F1xx_HAL_Driver/Inc/Legacy -I../Drivers/CMSIS/Device/ST/STM32F1xx/Include -I../Drivers/CMSIS/Include -O0 -ffunction-sections -fdata-sections -Wall -fstack-usage -fcyclomatic-complexity -MMD -MP -MF"Core/Src/main.d" -MT"Core/Src/main.o" --specs=nano.specs -mfloat-abi=soft -mthumb -o "Core/Src/main.o"
arm-none-eabi-gcc -o "tag_recognition.elf" @"objects.list"   -mcpu=cortex-m3 -T"D:\Project\SmartPole\Patient-Recognition\tag_recognition\tag_recognition\STM32F103RBTX_FLASH.ld" --specs=nosys.specs -Wl,-Map="tag_recognition.map" -Wl,--gc-sections -static --specs=nano.specs -mfloat-abi=soft -mthumb -Wl,--start-group -lc -lm -Wl,--end-group
Finished building target: tag_recognition.elf
 
arm-none-eabi-size  tag_recognition.elf 
arm-none-eabi-objdump -h -S tag_recognition.elf  > "tag_recognition.list"
   text	   data	    bss	    dec	    hex	filename
  21860	    112	   2096	  24068	   5e04	tag_recognition.elf
Finished building: default.size.stdout
 
Finished building: tag_recognition.list
 
22:07:08 **** Incremental Build of configuration Debug for project tag_recognition ****
make -j8 all 
arm-none-eabi-size  tag_recognition.elf 
   text	   data	    bss	    dec	    hex	filename
  21860	    112	   2096	  24068	   5e04	tag_recognition.elf
Finished building: default.size.stdout
 
22:14:38 **** Incremental Build of configuration Debug for project tag_recognition ****
make -j8 all 
arm-none-eabi-gcc "../Core/Src/main.c" -mcpu=cortex-m3 -std=gnu11 -g3 -DDEBUG -DUSE_HAL_DRIVER -DSTM32F103xB -c -I../Core/Inc -I"D:/Project/SmartPole/Patient-Recognition/tag_recognition/tag_recognition/HuskyLens/Inc" -I../Drivers/STM32F1xx_HAL_Driver/Inc -I../Drivers/STM32F1xx_HAL_Driver/Inc/Legacy -I../Drivers/CMSIS/Device/ST/STM32F1xx/Include -I../Drivers/CMSIS/Include -O0 -ffunction-sections -fdata-sections -Wall -fstack-usage -fcyclomatic-complexity -MMD -MP -MF"Core/Src/main.d" -MT"Core/Src/main.o" --specs=nano.specs -mfloat-abi=soft -mthumb -o "Core/Src/main.o"
arm-none-eabi-gcc -o "tag_recognition.elf" @"objects.list"   -mcpu=cortex-m3 -T"D:\Project\SmartPole\Patient-Recognition\tag_recognition\tag_recognition\STM32F103RBTX_FLASH.ld" --specs=nosys.specs -Wl,-Map="tag_recognition.map" -Wl,--gc-sections -static --specs=nano.specs -mfloat-abi=soft -mthumb -Wl,--start-group -lc -lm -Wl,--end-group
Finished building target: tag_recognition.elf
 
arm-none-eabi-size  tag_recognition.elf 
arm-none-eabi-objdump -h -S tag_recognition.elf  > "tag_recognition.list"
   text	   data	    bss	    dec	    hex	filename
  21856	    112	   2096	  24064	   5e00	tag_recognition.elf
Finished building: default.size.stdout
 
Finished building: tag_recognition.list
 
22:18:13 **** Incremental Build of configuration Debug for project tag_recognition ****
make -j8 all 
arm-none-eabi-gcc "../Core/Src/main.c" -mcpu=cortex-m3 -std=gnu11 -g3 -DDEBUG -DUSE_HAL_DRIVER -DSTM32F103xB -c -I../Core/Inc -I"D:/Project/SmartPole/Patient-Recognition/tag_recognition/tag_recognition/HuskyLens/Inc" -I../Drivers/STM32F1xx_HAL_Driver/Inc -I../Drivers/STM32F1xx_HAL_Driver/Inc/Legacy -I../Drivers/CMSIS/Device/ST/STM32F1xx/Include -I../Drivers/CMSIS/Include -O0 -ffunction-sections -fdata-sections -Wall -fstack-usage -fcyclomatic-complexity -MMD -MP -MF"Core/Src/main.d" -MT"Core/Src/main.o" --specs=nano.specs -mfloat-abi=soft -mthumb -o "Core/Src/main.o"
../Core/Src/main.c:52:1: warning: data definition has no type or storage class
   52 | husky_tx[0] = 0x55;
      | ^~~~~~~~
../Core/Src/main.c:52:1: warning: type defaults to 'int' in declaration of 'husky_tx' [-Wimplicit-int]
../Core/Src/main.c:52:1: error: conflicting types for 'husky_tx'; have 'int[0]'
../Core/Src/main.c:51:9: note: previous declaration of 'husky_tx' with type 'uint8_t[8]' {aka 'unsigned char[8]'}
   51 | uint8_t husky_tx[8];
      |         ^~~~~~~~
../Core/Src/main.c:52:15: error: invalid initializer
   52 | husky_tx[0] = 0x55;
      |               ^~~~
../Core/Src/main.c:53:1: warning: data definition has no type or storage class
   53 | husky_tx[1] = 0xAA;
      | ^~~~~~~~
../Core/Src/main.c:53:1: warning: type defaults to 'int' in declaration of 'husky_tx' [-Wimplicit-int]
../Core/Src/main.c:53:1: error: conflicting types for 'husky_tx'; have 'int[1]'
../Core/Src/main.c:51:9: note: previous declaration of 'husky_tx' with type 'uint8_t[8]' {aka 'unsigned char[8]'}
   51 | uint8_t husky_tx[8];
      |         ^~~~~~~~
../Core/Src/main.c:53:15: error: invalid initializer
   53 | husky_tx[1] = 0xAA;
      |               ^~~~
../Core/Src/main.c:54:1: warning: data definition has no type or storage class
   54 | husky_tx[2] = 0x03;  // Length LSB
      | ^~~~~~~~
../Core/Src/main.c:54:1: warning: type defaults to 'int' in declaration of 'husky_tx' [-Wimplicit-int]
../Core/Src/main.c:54:1: error: conflicting types for 'husky_tx'; have 'int[2]'
../Core/Src/main.c:51:9: note: previous declaration of 'husky_tx' with type 'uint8_t[8]' {aka 'unsigned char[8]'}
   51 | uint8_t husky_tx[8];
      |         ^~~~~~~~
../Core/Src/main.c:54:15: error: invalid initializer
   54 | husky_tx[2] = 0x03;  // Length LSB
      |               ^~~~
../Core/Src/main.c:55:1: warning: data definition has no type or storage class
   55 | husky_tx[3] = 0x00;  // Length MSB
      | ^~~~~~~~
../Core/Src/main.c:55:1: warning: type defaults to 'int' in declaration of 'husky_tx' [-Wimplicit-int]
../Core/Src/main.c:55:1: error: conflicting types for 'husky_tx'; have 'int[3]'
../Core/Src/main.c:51:9: note: previous declaration of 'husky_tx' with type 'uint8_t[8]' {aka 'unsigned char[8]'}
   51 | uint8_t husky_tx[8];
      |         ^~~~~~~~
../Core/Src/main.c:55:15: error: invalid initializer
   55 | husky_tx[3] = 0x00;  // Length MSB
      |               ^~~~
../Core/Src/main.c:56:1: warning: data definition has no type or storage class
   56 | husky_tx[4] = 0x27;
      | ^~~~~~~~
../Core/Src/main.c:56:1: warning: type defaults to 'int' in declaration of 'husky_tx' [-Wimplicit-int]
../Core/Src/main.c:56:1: error: conflicting types for 'husky_tx'; have 'int[4]'
../Core/Src/main.c:51:9: note: previous declaration of 'husky_tx' with type 'uint8_t[8]' {aka 'unsigned char[8]'}
   51 | uint8_t husky_tx[8];
      |         ^~~~~~~~
../Core/Src/main.c:56:15: error: invalid initializer
   56 | husky_tx[4] = 0x27;
      |               ^~~~
../Core/Src/main.c:57:1: warning: data definition has no type or storage class
   57 | husky_tx[5] = 0x01;
      | ^~~~~~~~
../Core/Src/main.c:57:1: warning: type defaults to 'int' in declaration of 'husky_tx' [-Wimplicit-int]
../Core/Src/main.c:57:1: error: conflicting types for 'husky_tx'; have 'int[5]'
../Core/Src/main.c:51:9: note: previous declaration of 'husky_tx' with type 'uint8_t[8]' {aka 'unsigned char[8]'}
   51 | uint8_t husky_tx[8];
      |         ^~~~~~~~
../Core/Src/main.c:57:15: error: invalid initializer
   57 | husky_tx[5] = 0x01;
      |               ^~~~
../Core/Src/main.c:58:1: warning: data definition has no type or storage class
   58 | husky_tx[6] = 0x00;
      | ^~~~~~~~
../Core/Src/main.c:58:1: warning: type defaults to 'int' in declaration of 'husky_tx' [-Wimplicit-int]
../Core/Src/main.c:58:1: error: conflicting types for 'husky_tx'; have 'int[6]'
../Core/Src/main.c:51:9: note: previous declaration of 'husky_tx' with type 'uint8_t[8]' {aka 'unsigned char[8]'}
   51 | uint8_t husky_tx[8];
      |         ^~~~~~~~
../Core/Src/main.c:58:15: error: invalid initializer
   58 | husky_tx[6] = 0x00;
      |               ^~~~
../Core/Src/main.c:59:1: warning: data definition has no type or storage class
   59 | husky_tx[7] = (0x27 + 0x01 + 0x00) % 256;
      | ^~~~~~~~
../Core/Src/main.c:59:1: warning: type defaults to 'int' in declaration of 'husky_tx' [-Wimplicit-int]
../Core/Src/main.c:59:1: error: conflicting types for 'husky_tx'; have 'int[7]'
../Core/Src/main.c:51:9: note: previous declaration of 'husky_tx' with type 'uint8_t[8]' {aka 'unsigned char[8]'}
   51 | uint8_t husky_tx[8];
      |         ^~~~~~~~
../Core/Src/main.c:59:15: error: invalid initializer
   59 | husky_tx[7] = (0x27 + 0x01 + 0x00) % 256;
      |               ^
../Core/Src/main.c: In function 'main':
../Core/Src/main.c:122:58: warning: passing argument 3 of 'HAL_I2C_Master_Transmit' from incompatible pointer type [-Wincompatible-pointer-types]
  122 |           if (HAL_I2C_Master_Transmit(&hi2c2, 0x32 << 1, husky_tx, sizeof(husky_tx), 100) == HAL_OK)
      |                                                          ^~~~~~~~
      |                                                          |
      |                                                          int *
In file included from ../Core/Inc/stm32f1xx_hal_conf.h:298,
                 from ../Drivers/STM32F1xx_HAL_Driver/Inc/stm32f1xx_hal.h:29,
                 from ../Core/Inc/main.h:30,
                 from ../Core/Src/main.c:20:
../Drivers/STM32F1xx_HAL_Driver/Inc/stm32f1xx_hal_i2c.h:563:98: note: expected 'uint8_t *' {aka 'unsigned char *'} but argument is of type 'int *'
  563 | HAL_StatusTypeDef HAL_I2C_Master_Transmit(I2C_HandleTypeDef *hi2c, uint16_t DevAddress, uint8_t *pData, uint16_t Size, uint32_t Timeout);
      |                                                                                         ~~~~~~~~~^~~~~
make: *** [Core/Src/subdir.mk:34: Core/Src/main.o] Error 1
"make -j8 all" terminated with exit code 2. Build might be incomplete.
22:18:45 **** Incremental Build of configuration Debug for project tag_recognition ****
make -j8 all 
arm-none-eabi-gcc "../Core/Src/main.c" -mcpu=cortex-m3 -std=gnu11 -g3 -DDEBUG -DUSE_HAL_DRIVER -DSTM32F103xB -c -I../Core/Inc -I"D:/Project/SmartPole/Patient-Recognition/tag_recognition/tag_recognition/HuskyLens/Inc" -I../Drivers/STM32F1xx_HAL_Driver/Inc -I../Drivers/STM32F1xx_HAL_Driver/Inc/Legacy -I../Drivers/CMSIS/Device/ST/STM32F1xx/Include -I../Drivers/CMSIS/Include -O0 -ffunction-sections -fdata-sections -Wall -fstack-usage -fcyclomatic-complexity -MMD -MP -MF"Core/Src/main.d" -MT"Core/Src/main.o" --specs=nano.specs -mfloat-abi=soft -mthumb -o "Core/Src/main.o"
arm-none-eabi-gcc -o "tag_recognition.elf" @"objects.list"   -mcpu=cortex-m3 -T"D:\Project\SmartPole\Patient-Recognition\tag_recognition\tag_recognition\STM32F103RBTX_FLASH.ld" --specs=nosys.specs -Wl,-Map="tag_recognition.map" -Wl,--gc-sections -static --specs=nano.specs -mfloat-abi=soft -mthumb -Wl,--start-group -lc -lm -Wl,--end-group
Finished building target: tag_recognition.elf
 
arm-none-eabi-size  tag_recognition.elf 
arm-none-eabi-objdump -h -S tag_recognition.elf  > "tag_recognition.list"
   text	   data	    bss	    dec	    hex	filename
  21856	    112	   2096	  24064	   5e00	tag_recognition.elf
Finished building: default.size.stdout
 
Finished building: tag_recognition.list
 
