11:18:15 **** Incremental Build of configuration Debug for project f103_i2c_test ****
make -j8 all 
arm-none-eabi-gcc "../Core/Src/main.c" -mcpu=cortex-m3 -std=gnu11 -g3 -DDEBUG -DUSE_HAL_DRIVER -DSTM32F103xB -c -I../Core/Inc -I../Drivers/STM32F1xx_HAL_Driver/Inc -I../Drivers/STM32F1xx_HAL_Driver/Inc/Legacy -I../Drivers/CMSIS/Device/ST/STM32F1xx/Include -I../Drivers/CMSIS/Include -O0 -ffunction-sections -fdata-sections -Wall -fstack-usage -fcyclomatic-complexity -MMD -MP -MF"Core/Src/main.d" -MT"Core/Src/main.o" --specs=nano.specs -mfloat-abi=soft -mthumb -o "Core/Src/main.o"
arm-none-eabi-gcc -o "f103_i2c_test.elf" @"objects.list"   -mcpu=cortex-m3 -T"D:\Project\SmartPole\Patient-Recognition\tag_recognition_problem\f103_i2c_test\STM32F103RBTX_FLASH.ld" --specs=nosys.specs -Wl,-Map="f103_i2c_test.map" -Wl,--gc-sections -static --specs=nano.specs -mfloat-abi=soft -mthumb -Wl,--start-group -lc -lm -Wl,--end-group
Finished building target: f103_i2c_test.elf
 
arm-none-eabi-size  f103_i2c_test.elf 
arm-none-eabi-objdump -h -S f103_i2c_test.elf  > "f103_i2c_test.list"
   text	   data	    bss	    dec	    hex	filename
  15064	     28	   1740	  16832	   41c0	f103_i2c_test.elf
Finished building: default.size.stdout
 
Finished building: f103_i2c_test.list
 

11:18:17 Build Finished. 0 errors, 0 warnings. (took 2s.414ms)

